// Vitest Snapshot v1

exports[`Background colour (label -> variant) 1`] = `
"/* layer: default */
.ctp-background-mauve-latte{background-color:#8839ef;}
.ctp-bg-pink-mocha{background-color:#f5c2e7;}
.ctp-bg-teal-frappe{background-color:#81c8be;}"
`;

exports[`Background colour (variant -> label) 1`] = `
"/* layer: default */
.ctp-background-latte-mauve{background-color:#8839ef;}
.ctp-bg-frappe-teal{background-color:#81c8be;}
.ctp-bg-mocha-pink{background-color:#f5c2e7;}"
`;
