// Vitest Snapshot v1

exports[`HEX to RGBA 1`] = `
[
  [
    239,
    241,
    245,
    1,
  ],
  [
    48,
    52,
    70,
    1,
  ],
  [
    36,
    39,
    58,
    1,
  ],
  [
    30,
    30,
    46,
    1,
  ],
]
`;

exports[`HEX to RGBA with custom opacity 1`] = `
[
  [
    234,
    118,
    203,
    0.15,
  ],
  [
    244,
    184,
    228,
    0.99,
  ],
  [
    245,
    189,
    230,
    0.01,
  ],
  [
    245,
    194,
    231,
    1,
  ],
]
`;
