// Vitest Snapshot v1

exports[`presetMini + presetAttributify with default mocha variant 1`] = `
"/* layer: default */
.bg-base,
[bg-base=\\"\\"]{--un-bg-opacity:1;background-color:rgba(30,30,46,var(--un-bg-opacity));}
.border-red\\\\/50{border-color:rgba(243,139,168,0.5);}
[border-red=\\"\\"],
[hover\\\\:border-red=\\"\\"]:hover{--un-border-opacity:1;border-color:rgba(243,139,168,var(--un-border-opacity));}
.text-violet,
[text-violet=\\"\\"]{--un-text-opacity:1;color:rgba(167,139,250,var(--un-text-opacity));}
[hover\\\\:text-yellow=\\"\\"]:hover{--un-text-opacity:1;color:rgba(249,226,175,var(--un-text-opacity));}
.outline-base,
[disabled\\\\:outline-base=\\"\\"]:disabled,
[outline-base=\\"\\"]{--un-outline-color-opacity:1;outline-color:rgba(30,30,46,var(--un-outline-color-opacity));}
@media (prefers-color-scheme: dark){
[dark\\\\:bg-base=\\"\\"]{--un-bg-opacity:1;background-color:rgba(30,30,46,var(--un-bg-opacity));}
}"
`;

exports[`presetMini + presetAttributify without setting variant 1`] = `
"/* layer: default */
.bg-latte-base,
[bg-latte-base=\\"\\"]{--un-bg-opacity:1;background-color:rgba(239,241,245,var(--un-bg-opacity));}
.border-macchiato-red\\\\/50{border-color:rgba(237,135,150,0.5);}
[border-macchiato-red=\\"\\"],
[hover\\\\:border-macchiato-red=\\"\\"]:hover{--un-border-opacity:1;border-color:rgba(237,135,150,var(--un-border-opacity));}
[hover\\\\:text-mocha-yellow=\\"\\"]:hover{--un-text-opacity:1;color:rgba(249,226,175,var(--un-text-opacity));}
.outline-frappe-base,
[outline-frappe-base=\\"\\"]{--un-outline-color-opacity:1;outline-color:rgba(48,52,70,var(--un-outline-color-opacity));}
[disabled\\\\:outline-mocha-base=\\"\\"]:disabled{--un-outline-color-opacity:1;outline-color:rgba(30,30,46,var(--un-outline-color-opacity));}
@media (prefers-color-scheme: dark){
[dark\\\\:bg-mocha-base=\\"\\"]{--un-bg-opacity:1;background-color:rgba(30,30,46,var(--un-bg-opacity));}
}"
`;
